../Drivers/CMSIS/Include/core_cm4.h:2064:26:ITM_SendChar	16	static,ignoring_inline_asm
../Core/Src/main.c:61:5:_write	32	static
../Core/Src/main.c:76:13:testFuncS1	16	static
../Core/Src/main.c:82:13:testFuncS2	16	static
../Core/Src/main.c:88:13:testFuncS3	16	static
../Core/Src/main.c:94:13:testFuncS4	16	static
../Core/Src/main.c:103:13:testFunc1	16	static
../Core/Src/main.c:108:13:testFunc2	16	static
../Core/Src/main.c:114:13:testFunc3	16	static
../Core/Src/main.c:119:13:testFunc4	32	static
../Core/Src/main.c:140:5:main	40	static
../Core/Src/main.c:222:6:SystemClock_Config	88	static
../Core/Src/main.c:269:13:MX_USART2_UART_Init	8	static
../Core/Src/main.c:302:13:MX_GPIO_Init	48	static
../Core/Src/main.c:350:6:HAL_TIM_PeriodElapsedCallback	16	static
../Core/Src/main.c:367:6:Error_Handler	4	static,ignoring_inline_asm
