../Drivers/CMSIS/Include/core_cm4.h:2064:26:ITM_SendChar	16	static,ignoring_inline_asm
../Core/Src/main.c:61:5:_write	32	static
../Core/Src/main.c:76:13:testFuncS1	16	static
../Core/Src/main.c:82:13:testFuncS2	16	static
../Core/Src/main.c:88:13:testFuncS3	16	static
../Core/Src/main.c:94:13:testFuncS4	16	static
../Core/Src/main.c:102:13:testFunc1	16	static
../Core/Src/main.c:107:13:testFunc2	16	static
../Core/Src/main.c:113:13:testFunc3	16	static
../Core/Src/main.c:118:13:testFunc4	16	static
../Core/Src/main.c:129:5:main	40	static
../Core/Src/main.c:216:6:SystemClock_Config	88	static
../Core/Src/main.c:263:13:MX_USART2_UART_Init	8	static
../Core/Src/main.c:296:13:MX_GPIO_Init	48	static
../Core/Src/main.c:344:6:HAL_TIM_PeriodElapsedCallback	16	static
../Core/Src/main.c:361:6:Error_Handler	4	static,ignoring_inline_asm
