../Core/Src/scheduler.c:321:14:prvAddTCBToList	16	static
../Core/Src/scheduler.c:350:14:prvDeleteTCBFromList	16	static
../Core/Src/scheduler.c:363:15:prvSwapList	24	static
../Core/Src/scheduler.c:374:15:prvUpdatePrioritiesEDF	40	static,ignoring_inline_asm
../Core/Src/scheduler.c:556:13:prvPeriodicTaskCode	24	static,ignoring_inline_asm
../Core/Src/scheduler.c:620:6:vSchedulerPeriodicTaskCreate	112	static
../Core/Src/scheduler.c:674:6:vSchedulerPeriodicTaskDelete	16	static
../Core/Src/scheduler.c:697:13:prvCreateAllTasks	48	static,ignoring_inline_asm
../Core/Src/scheduler.c:806:14:prvInitEDF	24	static
../Core/Src/scheduler.c:975:14:prvSchedulerCheckTimingError	16	static
../Core/Src/scheduler.c:1043:14:prvSchedulerFunction	8	static
../Core/Src/scheduler.c:1146:14:prvCreateSchedulerTask	16	static
../Core/Src/scheduler.c:1156:17:prvGetNextAperiodicJob	16	static
../Core/Src/scheduler.c:1193:20:prvFindEmptyElementIndexAJCB	16	static
../Core/Src/scheduler.c:1214:7:vSchedulerAperiodicJobCreate	56	static,ignoring_inline_asm
../Core/Src/scheduler.c:1238:17:prvGetNextSporadicJob	16	static
../Core/Src/scheduler.c:1260:20:prvFindEmptyElementIndexSJCB	16	static
../Core/Src/scheduler.c:1283:20:prvAnalyzeSporadicJobSchedulability	24	static
../Core/Src/scheduler.c:1323:13:xSchedulerSporadicJobCreate	72	static,ignoring_inline_asm
../Core/Src/scheduler.c:1369:14:prvPollingServerFunction	16	static
../Core/Src/scheduler.c:1419:7:prvPollingServerCreate	96	static
../Core/Src/scheduler.c:1476:14:prvWakeScheduler	16	static,ignoring_inline_asm
../Core/Src/scheduler.c:1484:7:vApplicationTickHook	16	static
../Core/Src/scheduler.c:1519:6:vSchedulerInit	8	static
../Core/Src/scheduler.c:1546:6:vSchedulerStart	8	static
